################################################################################
#                                                                              #
#      IAR Universal Linker V6.5.1.95                                          #
#                                                                              #
#           Link time     =  01/Aug/2019  15:04:49                             #
#           Target CPU    =  MSP430                                            #
#           List file     =  "C:\VONBOD\SYSMC\Low-Power RF\C++\cpp-mbee\exampl #
#                            es\MSP430\IAR\Debug\List\Control.map"             #
#           Output file 1 =  "C:\VONBOD\SYSMC\Low-Power RF\C++\cpp-mbee\exampl #
#                            es\MSP430\IAR\Debug\Exe\Control.d43"              #
#                            Format: ubrof10                                   #
#                            UBROF version 10.0.6                              #
#                            Using library modules for C-SPY (-rt)             #
#           Command line  =  -f                                                #
#                            C:\Users\NIKOLA~1.NEU\AppData\Local\Temp\EW8153.t #
#                            mp                                                #
#                            ("C:\VONBOD\SYSMC\Low-Power RF\C++\cpp-mbee\examp #
#                            les\MSP430\IAR\Debug\Obj\console.r43"             #
#                            "C:\VONBOD\SYSMC\Low-Power RF\C++\cpp-mbee\exampl #
#                            es\MSP430\IAR\Debug\Obj\Control.r43"              #
#                            "C:\VONBOD\SYSMC\Low-Power RF\C++\cpp-mbee\exampl #
#                            es\MSP430\IAR\Debug\Obj\cs.r43"                   #
#                            "C:\VONBOD\SYSMC\Low-Power RF\C++\cpp-mbee\exampl #
#                            es\MSP430\IAR\Debug\Obj\eusci_a_uart.r43"         #
#                            "C:\VONBOD\SYSMC\Low-Power RF\C++\cpp-mbee\exampl #
#                            es\MSP430\IAR\Debug\Obj\gpio.r43"                 #
#                            "C:\VONBOD\SYSMC\Low-Power RF\C++\cpp-mbee\exampl #
#                            es\MSP430\IAR\Debug\Obj\MBee.r43"                 #
#                            "C:\VONBOD\SYSMC\Low-Power RF\C++\cpp-mbee\exampl #
#                            es\MSP430\IAR\Debug\Obj\MSP430Serial.r43"         #
#                            "C:\VONBOD\SYSMC\Low-Power RF\C++\cpp-mbee\exampl #
#                            es\MSP430\IAR\Debug\Obj\pmm.r43"                  #
#                            "C:\VONBOD\SYSMC\Low-Power RF\C++\cpp-mbee\exampl #
#                            es\MSP430\IAR\Debug\Obj\SerialStar.r43"           #
#                            "C:\VONBOD\SYSMC\Low-Power RF\C++\cpp-mbee\exampl #
#                            es\MSP430\IAR\Debug\Obj\System.r43"               #
#                            "C:\VONBOD\SYSMC\Low-Power RF\C++\cpp-mbee\exampl #
#                            es\MSP430\IAR\Debug\Obj\timer_b.r43"              #
#                            "C:\VONBOD\SYSMC\Low-Power RF\C++\cpp-mbee\exampl #
#                            es\MSP430\IAR\Debug\Obj\uart.r43"                 #
#                            "C:\VONBOD\SYSMC\Low-Power RF\C++\cpp-mbee\exampl #
#                            es\MSP430\IAR\Debug\Obj\wdt_a.r43"                #
#                            -o                                                #
#                            "C:\VONBOD\SYSMC\Low-Power RF\C++\cpp-mbee\exampl #
#                            es\MSP430\IAR\Debug\Exe\Control.d43"              #
#                            -l                                                #
#                            "C:\VONBOD\SYSMC\Low-Power RF\C++\cpp-mbee\exampl #
#                            es\MSP430\IAR\Debug\List\Control.map"             #
#                            -xms                                              #
#                            "-IC:\Program Files (x86)\IAR Systems\Embedded Wo #
#                            rkbench 9.0\430\LIB\"                             #
#                            -f                                                #
#                            "C:\Program Files (x86)\IAR Systems\Embedded Work #
#                            bench 9.0\430\config\linker\lnk430fr2355.xcl"     #
#                            (-cmsp430 -QCODE_I=CODE_ID -QTLS16_I=TLS16_ID     #
#                            -D__iar_HWMUL=4C0 -Z(CONST)INFO=1800-19FF         #
#                            -Z(DATA)TINYRAM=0006-001F                         #
#                            -Z(DATA)DATA16_I,DATA16_Z,DATA16_N,TLS16_I=2000-2 #
#                            FFF                                               #
#                            -Z(DATA)CODE_I                                    #
#                            -Z(DATA)DATA20_I,DATA20_Z,DATA20_N                #
#                            -Z(DATA)CSTACK+_STACK_SIZE#                       #
#                            -Z(CONST)FRWP_B1,DATA16_P,DATA20_P=8000-FF7F      #
#                            -Z(DATA)DATA16_HEAP+_DATA16_HEAP_SIZE,DATA20_HEAP #
#                            +_DATA20_HEAP_SIZE,FRWP_B2                        #
#                            -Z(CONST)DATA16_C,DATA16_ID,TLS16_ID,DIFUNCT,CHEC #
#                            KSUM=8000-FF7F                                    #
#                            -Z(CONST)DATA20_C,DATA20_ID                       #
#                            -Z(CODE)CSTART,ISR_CODE,CODE_ID=8000-FF7F         #
#                            -P(CODE)CODE,CODE16=8000-FF7F                     #
#                            -Z(CONST)BSLCONFIGURATIONSIGNATURE=FF88-FF89      #
#                            -Z(CONST)BSLCONFIGURATION=FF8A-FF8B               #
#                            -Z(CONST)BSLI2CADDRESS=FFA0-FFA1                  #
#                            -Z(CONST)JTAGSIGNATURE=FF80-FF83                  #
#                            -Z(CONST)BSLSIGNATURE=FF84-FF87                   #
#                            -Z(CODE)INTVEC=FFA2-FFFF                          #
#                            -Z(CODE)RESET=FFFE-FFFF) -f                       #
#                            "C:\Program Files (x86)\IAR Systems\Embedded Work #
#                            bench 9.0\430\config\linker\multiplier32.xcl"     #
#                            (-e?Mul8Hw=?Mul8 -e?Mul16Hw=?Mul16                #
#                            -e?Mul16to32uHw=?Mul16to32u                       #
#                            -e?Mul16to32sHw=?Mul16to32s -e?Mul32Hw32=?Mul32   #
#                            -e?Mul64Hw32=_Mul64i                              #
#                            -e?Mul32u32uto64iHw32=_Mul32u32uto64i             #
#                            -e?Mul32fHw32=_Mul32f                             #
#                            -e_Mul64fHw32Ptr=_Mul64fPtr) -D_STACK_SIZE=A0     #
#                            -rt                                               #
#                            "C:\Program Files (x86)\IAR Systems\Embedded Work #
#                            bench 9.0\430\lib\dlib\dl430xlsfn.r43"            #
#                            -e_PrintfLarge=_Printf -e_ScanfLarge=_Scanf       #
#                            -D_DATA16_HEAP_SIZE=A0 -s __program_start         #
#                            -D_DATA20_HEAP_SIZE=50)                           #
#                                                                              #
#                           Copyright (C) 1987-2016 IAR Systems AB.            #
################################################################################





                ****************************************
                *                                      *
                *           CROSS REFERENCE            *
                *                                      *
                ****************************************

       Program entry at :           8214  Relocatable, from module : ?cstart




                ****************************************
                *                                      *
                *            RUNTIME MODEL             *
                *                                      *
                ****************************************

  __Heap_Handler             = Basic
  __SystemLibrary            = DLib
  __code_model               = large
  __core                     = 430X
  __data_model               = small
  __dlib_file_descriptor     = 0
  __dlib_full_locale_support = 0
  __double_size              = 32
  __pic                      = no
  __reg_r4                   = free
  __reg_r5                   = free
  __rt_version               = 3

                ****************************************
                *                                      *
                *    AUTOMATIC SYMBOL REDIRECTIONS     *
                *                                      *
                ****************************************

                  There are no automatic symbol redirections.



                ****************************************
                *                                      *
                *              MODULE MAP              *
                *                                      *
                ****************************************


  DEFINED ABSOLUTE ENTRIES
    *************************************************************************

  DEFINED ABSOLUTE ENTRIES
  PROGRAM MODULE, NAME : ?ABS_ENTRY_MOD

Absolute parts
           ENTRY                   ADDRESS         REF BY
           =====                   =======         ======
           _DATA20_HEAP_SIZE       0050 
           _DATA16_HEAP_SIZE       00A0 
           _STACK_SIZE             00A0 
           __iar_HWMUL             04C0            Console::ultoa(uint32_t, uint8_t *, uint8_t) (console)
    *************************************************************************

  FILE NAME : C:\VONBOD\SYSMC\Low-Power RF\C++\cpp-mbee\examples\MSP430\IAR\Debug\Obj\console.r43
  PROGRAM MODULE, NAME : console

  SEGMENTS IN THE MODULE
  ======================
<CODE> 1 (was CODE)
  Relative segment, address: 9538 - 953F (0x8 bytes), align: 1
  Segment part 152.           Intra module refs:   Segment part 54
           ENTRY                   ADDRESS         REF BY
           =====                   =======         ======
           Serial::~Serial()       9538 
    -------------------------------------------------------------------------
DATA16_AN
  Relative segment, address: 0130 - 0131 (0x2 bytes), align: 0
  Segment part 1. ROOT        Intra module refs:   hardwareInit()
           ENTRY                   ADDRESS         REF BY
           =====                   =======         ======
           _A_PM5CTL0_L            0130 
           LOCAL                   ADDRESS         
           =====                   =======         
           PM5CTL0                 0130 
           PM5CTL0_H               0131 
           PM5CTL0_L               0130 
    -------------------------------------------------------------------------
DATA16_AN
  Relative segment, address: 0380 - 0381 (0x2 bytes), align: 0
  Segment part 2. ROOT        Intra module refs:   Serial::begin(unsigned long)
           ENTRY                   ADDRESS         REF BY
           =====                   =======         ======
           _A_TB0CTL_L             0380 
           LOCAL                   ADDRESS         
           =====                   =======         
           TB0CTL                  0380 
           TB0CTL_H                0381 
           TB0CTL_L                0380 
    -------------------------------------------------------------------------
DATA16_AN
  Relative segment, address: 0382 - 0383 (0x2 bytes), align: 0
  Segment part 3. ROOT        Intra module refs:   Serial::begin(unsigned long)
           ENTRY                   ADDRESS         REF BY
           =====                   =======         ======
           _A_TB0CCTL0_L           0382 
           LOCAL                   ADDRESS         
           =====                   =======         
           TB0CCTL0                0382 
           TB0CCTL0_H              0383 
           TB0CCTL0_L              0382 
    -------------------------------------------------------------------------
DATA16_AN
  Relative segment, address: 0392 - 0393 (0x2 bytes), align: 0
  Segment part 4. ROOT        Intra module refs:   Serial::begin(unsigned long)
           ENTRY                   ADDRESS         REF BY
           =====                   =======         ======
           _A_TB0CCR0_L            0392 
           LOCAL                   ADDRESS         
           =====                   =======         
           TB0CCR0                 0392 
           TB0CCR0_H               0393 
           TB0CCR0_L               0392 
    -------------------------------------------------------------------------
DATA16_AN
  Relative segment, address: 03A0 - 03A1 (0x2 bytes), align: 0
  Segment part 5. ROOT        Intra module refs:   Serial::begin(unsigned long)
           ENTRY                   ADDRESS         REF BY
           =====                   =======         ======
           _A_TB0EX0_L             03A0 
           LOCAL                   ADDRESS         
           =====                   =======         
           TB0EX0                  03A0 
           TB0EX0_H                03A1 
           TB0EX0_L                03A0 
    -------------------------------------------------------------------------
DATA16_AN
  Relative segment, address: 03C0 - 03C1 (0x2 bytes), align: 0
  Segment part 6. ROOT        Intra module refs:   delayMs(unsigned int)
           ENTRY                   ADDRESS         REF BY
           =====                   =======         ======
           _A_TB1CTL_L             03C0 
           LOCAL                   ADDRESS         
           =====                   =======         
           TB1CTL                  03C0 
           TB1CTL_H                03C1 
           TB1CTL_L                03C0 
    -------------------------------------------------------------------------
DATA16_AN
  Relative segment, address: 03C2 - 03C3 (0x2 bytes), align: 0
  Segment part 7. ROOT        Intra module refs:   delayMs(unsigned int)
           ENTRY                   ADDRESS         REF BY
           =====                   =======         ======
           _A_TB1CCTL0_L           03C2 
           LOCAL                   ADDRESS         
           =====                   =======         
           TB1CCTL0                03C2 
           TB1CCTL0_H              03C3 
           TB1CCTL0_L              03C2 
    -------------------------------------------------------------------------
DATA16_AN
  Relative segment, address: 03D2 - 03D3 (0x2 bytes), align: 0
  Segment part 8. ROOT        Intra module refs:   delayMs(unsigned int)
           ENTRY                   ADDRESS         REF BY
           =====                   =======         ======
           _A_TB1CCR0_L            03D2 
           LOCAL                   ADDRESS         
           =====                   =======         
           TB1CCR0                 03D2 
           TB1CCR0_H               03D3 
           TB1CCR0_L               03D2 
    -------------------------------------------------------------------------
DATA16_AN
  Relative segment, address: 0500 - 0501 (0x2 bytes), align: 0
  Segment part 9. ROOT        Intra module refs:   Serial::begin(unsigned long)
           ENTRY                   ADDRESS         REF BY
           =====                   =======         ======
           _A_UCA0CTLW0_L          0500 
           LOCAL                   ADDRESS         
           =====                   =======         
           UCA0CTLW0               0500 
           UCA0CTLW0_H             0501 
           UCA0CTLW0_L             0500 
    -------------------------------------------------------------------------
DATA16_AN
  Relative segment, address: 0506 - 0507 (0x2 bytes), align: 0
  Segment part 10. ROOT       Intra module refs:   Serial::begin(unsigned long)
           ENTRY                   ADDRESS         REF BY
           =====                   =======         ======
           _A_UCA0BRW_L            0506 
           LOCAL                   ADDRESS         
           =====                   =======         
           UCA0BRW                 0506 
           UCA0BRW_H               0507 
           UCA0BRW_L               0506 
    -------------------------------------------------------------------------
DATA16_AN
  Relative segment, address: 0508 - 0509 (0x2 bytes), align: 0
  Segment part 11. ROOT       Intra module refs:   Serial::begin(unsigned long)
           ENTRY                   ADDRESS         REF BY
           =====                   =======         ======
           _A_UCA0MCTLW_L          0508 
           LOCAL                   ADDRESS         
           =====                   =======         
           UCA0MCTLW               0508 
           UCA0MCTLW_H             0509 
           UCA0MCTLW_L             0508 
    -------------------------------------------------------------------------
DATA16_AN
  Relative segment, address: 050C - 050D (0x2 bytes), align: 0
  Segment part 12. ROOT       Intra module refs:   USCI_A0_ISR()
           ENTRY                   ADDRESS         REF BY
           =====                   =======         ======
           _A_UCA0RXBUF_L          050C 
           LOCAL                   ADDRESS         
           =====                   =======         
           UCA0RXBUF               050C 
           UCA0RXBUF_H             050D 
           UCA0RXBUF_L             050C 
    -------------------------------------------------------------------------
DATA16_AN
  Relative segment, address: 050E - 050F (0x2 bytes), align: 0
  Segment part 13. ROOT       Intra module refs:   USCI_A0_ISR()
           ENTRY                   ADDRESS         REF BY
           =====                   =======         ======
           _A_UCA0TXBUF_L          050E 
           LOCAL                   ADDRESS         
           =====                   =======         
           UCA0TXBUF               050E 
           UCA0TXBUF_H             050F 
           UCA0TXBUF_L             050E 
    -------------------------------------------------------------------------
DATA16_AN
  Relative segment, address: 051A - 051B (0x2 bytes), align: 0
  Segment part 14. ROOT       Intra module refs:   Serial::begin(unsigned long)
                                                   Serial::write(uint8_t)
                                                   USCI_A0_ISR()
           ENTRY                   ADDRESS         REF BY
           =====                   =======         ======
           _A_UCA0IE_L             051A 
           LOCAL                   ADDRESS         
           =====                   =======         
           UCA0IE                  051A 
           UCA0IE_H                051B 
           UCA0IE_L                051A 
    -------------------------------------------------------------------------
DATA16_AN
  Relative segment, address: 051C - 051D (0x2 bytes), align: 0
  Segment part 15. ROOT       Intra module refs:   Serial::write(uint8_t)
           ENTRY                   ADDRESS         REF BY
           =====                   =======         ======
           _A_UCA0IFG_L            051C 
           LOCAL                   ADDRESS         
           =====                   =======         
           UCA0IFG                 051C 
           UCA0IFG_H               051D 
           UCA0IFG_L               051C 
    -------------------------------------------------------------------------
DATA16_AN
  Relative segment, address: 051E - 051F (0x2 bytes), align: 0
  Segment part 16. ROOT       Intra module refs:   USCI_A0_ISR()
           ENTRY                   ADDRESS         REF BY
           =====                   =======         ======
           _A_UCA0IV_L             051E 
           LOCAL                   ADDRESS         
           =====                   =======         
           UCA0IV                  051E 
           UCA0IV_H                051F 
           UCA0IV_L                051E 
    -------------------------------------------------------------------------
DATA16_AN
  Relative segment, address: 0580 - 0581 (0x2 bytes), align: 0
  Segment part 17. ROOT       Intra module refs:   uartInit
           ENTRY                   ADDRESS         REF BY
           =====                   =======         ======
           _A_UCA1CTLW0_L          0580 
           LOCAL                   ADDRESS         
           =====                   =======         
           UCA1CTLW0               0580 
           UCA1CTLW0_H             0581 
           UCA1CTLW0_L             0580 
    -------------------------------------------------------------------------
DATA16_AN
  Relative segment, address: 0586 - 0587 (0x2 bytes), align: 0
  Segment part 18. ROOT       Intra module refs:   uartInit
           ENTRY                   ADDRESS         REF BY
           =====                   =======         ======
           _A_UCA1BRW_L            0586 
           LOCAL                   ADDRESS         
           =====                   =======         
           UCA1BRW                 0586 
           UCA1BRW_H               0587 
           UCA1BRW_L               0586 
    -------------------------------------------------------------------------
DATA16_AN
  Relative segment, address: 0588 - 0589 (0x2 bytes), align: 0
  Segment part 19. ROOT       Intra module refs:   uartInit
           ENTRY                   ADDRESS         REF BY
           =====                   =======         ======
           _A_UCA1MCTLW_L          0588 
           LOCAL                   ADDRESS         
           =====                   =======         
           UCA1MCTLW               0588 
           UCA1MCTLW_H             0589 
           UCA1MCTLW_L             0588 
    -------------------------------------------------------------------------
DATA16_AN
  Relative segment, address: 058C - 058D (0x2 bytes), align: 0
  Segment part 20. ROOT       Intra module refs:   USCI_A1_ISR()
           ENTRY                   ADDRESS         REF BY
           =====                   =======         ======
           _A_UCA1RXBUF_L          058C 
           LOCAL                   ADDRESS         
           =====                   =======         
           UCA1RXBUF               058C 
           UCA1RXBUF_H             058D 
           UCA1RXBUF_L             058C 
    -------------------------------------------------------------------------
DATA16_AN
  Relative segment, address: 058E - 058F (0x2 bytes), align: 0
  Segment part 21. ROOT       Intra module refs:   USCI_A1_ISR()
           ENTRY                   ADDRESS         REF BY
           =====                   =======         ======
           _A_UCA1TXBUF_L          058E 
           LOCAL                   ADDRESS         
           =====                   =======         
           UCA1TXBUF               058E 
           UCA1TXBUF_H             058F 
           UCA1TXBUF_L             058E 
    -------------------------------------------------------------------------
DATA16_AN
  Relative segment, address: 059A - 059B (0x2 bytes), align: 0
  Segment part 22. ROOT       Intra module refs:   USCI_A1_ISR()
                                                   uartInit
                                                   uartTx(void const *, uint16_t)
           ENTRY                   ADDRESS         REF BY
           =====                   =======         ======
           _A_UCA1IE_L             059A 
           LOCAL                   ADDRESS         
           =====                   =======         
           UCA1IE                  059A 
           UCA1IE_H                059B 
           UCA1IE_L                059A 
    -------------------------------------------------------------------------
DATA16_AN
  Relative segment, address: 059C - 059D (0x2 bytes), align: 0
  Segment part 23. ROOT       Intra module refs:   uartTx(void const *, uint16_t)
           ENTRY                   ADDRESS         REF BY
           =====                   =======         ======
           _A_UCA1IFG_L            059C 
           LOCAL                   ADDRESS         
           =====                   =======         
           UCA1IFG                 059C 
           UCA1IFG_H               059D 
           UCA1IFG_L               059C 
    -------------------------------------------------------------------------
DATA16_AN
  Relative segment, address: 059E - 059F (0x2 bytes), align: 0
  Segment part 24. ROOT       Intra module refs:   USCI_A1_ISR()
           ENTRY                   ADDRESS         REF BY
           =====                   =======         ======
           _A_UCA1IV_L             059E 
           LOCAL                   ADDRESS         
           =====                   =======         
           UCA1IV                  059E 
           UCA1IV_H                059F 
           UCA1IV_L                059E 
    -------------------------------------------------------------------------
<CODE> 1 (was CODE)
  Relative segment, address: 9494 - 94AD (0x1a bytes), align: 1
  Segment part 86.            Intra module refs:   sendCommand()
           ENTRY                   ADDRESS         REF BY
           =====                   =======         ======
           Console::println(char const *)
                                   9494 
               calls direct
    -------------------------------------------------------------------------
<CODE> 1 (was CODE)
  Relative segment, address: 917C - 91C5 (0x4a bytes), align: 1
  Segment part 88.            Intra module refs:   ?Subroutine4
           ENTRY                   ADDRESS         REF BY
           =====                   =======         ======
           Console::print(uint32_t, uint8_t)
                                   917C 
               calls direct
    -------------------------------------------------------------------------
<CODE> 1 (was CODE)
  Relative segment, address: 902A - 90B5 (0x8c bytes), align: 1
  Segment part 87.            Intra module refs:   Console::print(uint32_t, uint8_t)
           ENTRY                   ADDRESS         REF BY
           =====                   =======         ======
           Console::ultoa(uint32_t, uint8_t *, uint8_t)
                                   902A 
               calls direct
    -------------------------------------------------------------------------
DATA16_Z
  Relative segment, address: 200A - 2087 (0x7e bytes), align: 1
  Segment part 51.            Intra module refs:   ?Subroutine3
                                                   __sti__routine()
                                                   main
                                                   sendCommand()
           LOCAL                   ADDRESS         
           =====                   =======         
           MBee                    200A 
    -------------------------------------------------------------------------
DATA16_Z
  Relative segment, address: 2088 - 2089 (0x2 bytes), align: 1
  Segment part 55.            Intra module refs:   Segment part 54
    -------------------------------------------------------------------------
DATA16_C
  Relative segment, address: 8000 - 800B (0xc bytes), align: 1
  Segment part 30.            Intra module refs:   Segment part 53
                                                   Serial::~Serial()
           ENTRY                   ADDRESS         REF BY
           =====                   =======         ======
           Serial::__vtbl          8000 
    -------------------------------------------------------------------------
DATA16_C
  Relative segment, address: 800C - 801B (0x10 bytes), align: 1
  Segment part 31.            Intra module refs:   SerialStar::SerialStar()
           ENTRY                   ADDRESS         REF BY
           =====                   =======         ======
           SerialStar::__vtbl      800C 
    -------------------------------------------------------------------------
DATA16_C
  Relative segment, address: 801C - 802B (0x10 bytes), align: 1
  Segment part 32.            Intra module refs:   __sti__routine()
           LOCAL                   ADDRESS         
           =====                   =======         
           SerialStarWithCallbacks::__vtbl_SerialStar
                                   801C 
    -------------------------------------------------------------------------
DATA16_C
  Relative segment, address: 802C - 8033 (0x8 bytes), align: 1
  Segment part 33.            Intra module refs:   SerialStarWithCallbacks::loopBottom()
           ENTRY                   ADDRESS         REF BY
           =====                   =======         ======
           RxIoSampleResponse::__vtbl
                                   802C 
    -------------------------------------------------------------------------
DATA16_C
  Relative segment, address: 8034 - 803B (0x8 bytes), align: 1
  Segment part 34.            Intra module refs:   RemoteAtCommandRequest::RemoteAtCommandRequest()
           ENTRY                   ADDRESS         REF BY
           =====                   =======         ======
           AtCommandRequest::__vtbl
                                   8034 
    -------------------------------------------------------------------------
DATA16_C
  Relative segment, address: 803C - 8043 (0x8 bytes), align: 1
  Segment part 35.            Intra module refs:   RemoteAtCommandRequest::RemoteAtCommandRequest()
           ENTRY                   ADDRESS         REF BY
           =====                   =======         ======
           RemoteAtCommandRequest::__vtbl
                                   803C 
    -------------------------------------------------------------------------
DATA16_C
  Relative segment, address: 8044 - 804B (0x8 bytes), align: 1
  Segment part 36.            Intra module refs:   SerialStarWithCallbacks::loopBottom()
           ENTRY                   ADDRESS         REF BY
           =====                   =======         ======
           RxResponse::__vtbl      8044 
    -------------------------------------------------------------------------
DATA16_C
  Relative segment, address: 8070 - 8072 (0x3 bytes), align: 0
  Segment part 37.            Intra module refs:   targetSetup()
    -------------------------------------------------------------------------
DATA16_C
  Relative segment, address: 8073 - 8075 (0x3 bytes), align: 0
  Segment part 38.            Intra module refs:   ?Subroutine22
                                                   main
    -------------------------------------------------------------------------
DATA16_C
  Relative segment, address: 8076 - 8078 (0x3 bytes), align: 0
  Segment part 39.            Intra module refs:   ?Subroutine21
    -------------------------------------------------------------------------
DATA16_C
  Relative segment, address: 8079 - 80BA (0x42 bytes), align: 0
  Segment part 40.            Intra module refs:   sendCommand()
    -------------------------------------------------------------------------
DATA16_C
  Relative segment, address: 80BB - 80F9 (0x3f bytes), align: 0
  Segment part 41.            Intra module refs:   sendCommand()
    -------------------------------------------------------------------------
DATA16_C
  Relative segment, address: 80FA - 8120 (0x27 bytes), align: 0
  Segment part 42.            Intra module refs:   sendCommand()
    -------------------------------------------------------------------------
DATA16_C
  Relative segment, address: 8121 - 813D (0x1d bytes), align: 0
  Segment part 43.            Intra module refs:   sendCommand()
    -------------------------------------------------------------------------
DATA16_C
  Relative segment, address: 813E - 815D (0x20 bytes), align: 0
  Segment part 44.            Intra module refs:   sendCommand()
    -------------------------------------------------------------------------
DATA16_C
  Relative segment, address: 815E - 8195 (0x38 bytes), align: 0
  Segment part 45.            Intra module refs:   sendCommand()
    -------------------------------------------------------------------------
DATA16_C
  Relative segment, address: 8196 - 81D2 (0x3d bytes), align: 0
  Segment part 46.            Intra module refs:   sendCommand()
    -------------------------------------------------------------------------
DATA16_C
  Relative segment, address: 81D3 - 81FD (0x2b bytes), align: 0
  Segment part 47.            Intra module refs:   sendCommand()
    -------------------------------------------------------------------------
DATA16_C
  Relative segment, address: 81FE - 8200 (0x3 bytes), align: 0
  Segment part 49.            Intra module refs:   ?Subroutine23
    -------------------------------------------------------------------------
DATA16_C
  Relative segment, address: 8201 - 8205 (0x5 bytes), align: 0
  Segment part 50.            Intra module refs:   Segment part 53
    -------------------------------------------------------------------------
DATA16_C
  Relative segment, address: 804C - 8053 (0x8 bytes), align: 1
  Segment part 54.            Intra module refs:   __sti__routine()
    -------------------------------------------------------------------------
DATA16_I
  Relative segment, address: 2000 - 2007 (0x8 bytes), align: 1
  Segment part 52.            Intra module refs:   Segment part 54
                                                   main
           LOCAL                   ADDRESS         
           =====                   =======         
           serial                  2000 
    -------------------------------------------------------------------------
DATA16_Z
  Relative segment, address: 20D0 - 20D0 (0x1 bytes), align: 0
  Segment part 56.            Intra module refs:   ?Subroutine4
                                                   sendCommand()
           ENTRY                   ADDRESS         REF BY
           =====                   =======         ======
           console                 20D0 
    -------------------------------------------------------------------------
<CODE> 1 (was CODE)
  Relative segment, address: 9476 - 9493 (0x1e bytes), align: 1
  Segment part 83.            Intra module refs:   Segment part 80
           LOCAL                   ADDRESS         
           =====                   =======         
           __sti__routine()        9476 
               calls direct
    -------------------------------------------------------------------------
DATA16_Z
  Relative segment, address: 208A - 209B (0x12 bytes), align: 1
  Segment part 57.            Intra module refs:   ?Subroutine14
                                                   ?Subroutine21
                                                   ?Subroutine22
                                                   ?Subroutine26
                                                   __sti__routine()
                                                   main
                                                   sendCommand()
                                                   targetSetup()
           LOCAL                   ADDRESS         
           =====                   =======         
           remoteAtRequest         208A 
    -------------------------------------------------------------------------
DATA16_Z
  Relative segment, address: 209C - 20A7 (0xc bytes), align: 1
  Segment part 58.            Intra module refs:   sendCommand()
           LOCAL                   ADDRESS         
           =====                   =======         
           txStatus                209C 
    -------------------------------------------------------------------------
DATA16_Z
  Relative segment, address: 20A8 - 20B1 (0xa bytes), align: 1
  Segment part 59.            Intra module refs:   sendCommand()
           LOCAL                   ADDRESS         
           =====                   =======         
           remoteAtResponse        20A8 
    -------------------------------------------------------------------------
DATA16_Z
  Relative segment, address: 20B2 - 20B3 (0x2 bytes), align: 1
  Segment part 60.            Intra module refs:   P4_ISR()
                                                   main
           LOCAL                   ADDRESS         
           =====                   =======         
           events                  20B2 
    -------------------------------------------------------------------------
DATA16_Z
  Relative segment, address: 20D1 - 20D1 (0x1 bytes), align: 0
  Segment part 61.            Intra module refs:   main
           LOCAL                   ADDRESS         
           =====                   =======         
           buttonMode              20D1 
    -------------------------------------------------------------------------
DATA16_Z
  Relative segment, address: 20D2 - 20D3 (0x2 bytes), align: 0
  Segment part 62.            Intra module refs:   ?Subroutine14
                                                   ?Subroutine22
                                                   ?Subroutine26
                                                   main
                                                   targetSetup()
           LOCAL                   ADDRESS         
           =====                   =======         
           cmdParam                20D2 
    -------------------------------------------------------------------------
DATA16_Z
  Relative segment, address: 20B4 - 20B5 (0x2 bytes), align: 1
  Segment part 63.            Intra module refs:   main
           LOCAL                   ADDRESS         
           =====                   =======         
           brigthness              20B4 
    -------------------------------------------------------------------------
ISR_CODE
  Relative segment, address: 8248 - 8253 (0xc bytes), align: 1
  Segment part 153.           Intra module refs:   P4_ISR()::??INTVEC 44
           ENTRY                   ADDRESS         REF BY
           =====                   =======         ======
           P4_ISR()                8248 
               interrupt function
    -------------------------------------------------------------------------
DATA16_C
  Relative segment, address: 8054 - 806F (0x1c bytes), align: 1
  Segment part 64.            Intra module refs:   ?Subroutine19
           LOCAL                   ADDRESS         
           =====                   =======         
           GPIO_PORT_TO_BASE       8054 
    -------------------------------------------------------------------------
DATA16_I
  Relative segment, address: 2008 - 2009 (0x2 bytes), align: 1
  Segment part 65.            Intra module refs:   TIMER0_B0_ISR()
           ENTRY                   ADDRESS         REF BY
           =====                   =======         ======
           millisCorrector         2008 
    -------------------------------------------------------------------------
DATA16_N
  Relative segment, address: 20D4 - 2153 (0x80 bytes), align: 0
  Segment part 67.            Intra module refs:   Serial::write(uint8_t)
                                                   USCI_A0_ISR()
           LOCAL                   ADDRESS         
           =====                   =======         
           txBuffer                20D4 
    -------------------------------------------------------------------------
DATA16_N
  Relative segment, address: 2154 - 21D3 (0x80 bytes), align: 0
  Segment part 68.            Intra module refs:   Serial::read()
                                                   USCI_A0_ISR()
           LOCAL                   ADDRESS         
           =====                   =======         
           rxBuffer                2154 
    -------------------------------------------------------------------------
DATA16_Z
  Relative segment, address: 20B6 - 20B7 (0x2 bytes), align: 1
  Segment part 69.            Intra module refs:   Serial::write(uint8_t)
                                                   USCI_A0_ISR()
           LOCAL                   ADDRESS         
           =====                   =======         
           txBufferPointer         20B6 
    -------------------------------------------------------------------------
DATA16_Z
  Relative segment, address: 20B8 - 20B9 (0x2 bytes), align: 1
  Segment part 70.            Intra module refs:   Serial::write(uint8_t)
                                                   USCI_A0_ISR()
           LOCAL                   ADDRESS         
           =====                   =======         
           txBufferCounter         20B8 
    -------------------------------------------------------------------------
DATA16_Z
  Relative segment, address: 20BA - 20BB (0x2 bytes), align: 1
  Segment part 71.            Intra module refs:   Serial::read()
                                                   USCI_A0_ISR()
           LOCAL                   ADDRESS         
           =====                   =======         
           rxBufferPointer         20BA 
    -------------------------------------------------------------------------
DATA16_Z
  Relative segment, address: 20BC - 20BD (0x2 bytes), align: 1
  Segment part 72.            Intra module refs:   Serial::available()
                                                   Serial::read()
                                                   USCI_A0_ISR()
           LOCAL                   ADDRESS         
           =====                   =======         
           rxBufferCounter         20BC 
    -------------------------------------------------------------------------
DATA16_Z
  Relative segment, address: 20BE - 20C5 (0x8 bytes), align: 1
  Segment part 73.            Intra module refs:   SerialStar::readPacket(int)
                                                   TIMER0_B0_ISR()
                                                   millis()
           LOCAL                   ADDRESS         
           =====                   =======         
           sysTickCounter          20BE 
    -------------------------------------------------------------------------
ISR_CODE
  Relative segment, address: 8254 - 82D5 (0x82 bytes), align: 1
  Segment part 154.           Intra module refs:   USCI_A0_ISR()::??INTVEC 66
           ENTRY                   ADDRESS         REF BY
           =====                   =======         ======
           USCI_A0_ISR()           8254 
               interrupt function
    -------------------------------------------------------------------------
ISR_CODE
  Relative segment, address: 82D6 - 82F3 (0x1e bytes), align: 1
  Segment part 155.           Intra module refs:   TIMER0_B0_ISR()::??INTVEC 86
           ENTRY                   ADDRESS         REF BY
           =====                   =======         ======
           TIMER0_B0_ISR()         82D6 
               interrupt function
    -------------------------------------------------------------------------
<CODE> 1 (was CODE)
  Relative segment, address: 8376 - 837D (0x8 bytes), align: 1
  Segment part 96.            Intra module refs:   SerialStar::send(MBeeRequest &)
           LOCAL                   ADDRESS         
           =====                   =======         
           ?Subroutine11           8376 
    -------------------------------------------------------------------------
<CODE> 1 (was CODE)
  Relative segment, address: 837E - 838F (0x12 bytes), align: 1
  Segment part 97.            Intra module refs:   SerialStar::send(MBeeRequest &)
           LOCAL                   ADDRESS         
           =====                   =======         
           ?Subroutine2            837E 
    -------------------------------------------------------------------------
<CODE> 1 (was CODE)
  Relative segment, address: 8390 - 84C5 (0x136 bytes), align: 1
  Segment part 98.            Intra module refs:   ?Subroutine14
                                                   ?Subroutine17
                                                   main
                                                   targetSetup()
           LOCAL                   ADDRESS         
           =====                   =======         
           sendCommand()           8390 
               calls direct and indirect
    -------------------------------------------------------------------------
<CODE> 1 (was CODE)
  Relative segment, address: 84C6 - 84D9 (0x14 bytes), align: 1
  Segment part 99.            Intra module refs:   sendCommand()
           LOCAL                   ADDRESS         
           =====                   =======         
           ?Subroutine4            84C6 
    -------------------------------------------------------------------------
<CODE> 1 (was CODE)
  Relative segment, address: 84DA - 84E3 (0xa bytes), align: 1
  Segment part 100.           Intra module refs:   ?Subroutine4
                                                   Console::println(char const *)
           LOCAL                   ADDRESS         
           =====                   =======         
           ?Subroutine23           84DA 
    -------------------------------------------------------------------------
DATA16_N
  Relative segment, address: 21D4 - 23D3 (0x200 bytes), align: 0
  Segment part 74.            Intra module refs:   USCI_A1_ISR()
                                                   uartTx(void const *, uint16_t)
           LOCAL                   ADDRESS         
           =====                   =======         
           txBuffer                21D4 
    -------------------------------------------------------------------------
DATA16_N
  Relative segment, address: 23D4 - 25D3 (0x200 bytes), align: 0
  Segment part 75.            Intra module refs:   USCI_A1_ISR()
                                                   uartRx
           LOCAL                   ADDRESS         
           =====                   =======         
           rxBuffer                23D4 
    -------------------------------------------------------------------------
DATA16_Z
  Relative segment, address: 20C6 - 20C7 (0x2 bytes), align: 1
  Segment part 76.            Intra module refs:   USCI_A1_ISR()
                                                   uartTx(void const *, uint16_t)
           LOCAL                   ADDRESS         
           =====                   =======         
           txBufferPointer         20C6 
    -------------------------------------------------------------------------
DATA16_Z
  Relative segment, address: 20C8 - 20C9 (0x2 bytes), align: 1
  Segment part 77.            Intra module refs:   USCI_A1_ISR()
                                                   uartTx(void const *, uint16_t)
                                                   uartTxWait
           LOCAL                   ADDRESS         
           =====                   =======         
           txBufferCounter         20C8 
    -------------------------------------------------------------------------
DATA16_Z
  Relative segment, address: 20CA - 20CB (0x2 bytes), align: 1
  Segment part 78.            Intra module refs:   USCI_A1_ISR()
                                                   uartRx
           LOCAL                   ADDRESS         
           =====                   =======         
           rxBufferPointer         20CA 
    -------------------------------------------------------------------------
DATA16_Z
  Relative segment, address: 20CC - 20CD (0x2 bytes), align: 1
  Segment part 79.            Intra module refs:   USCI_A1_ISR()
                                                   main
                                                   uartRx
           LOCAL                   ADDRESS         
           =====                   =======         
           rxBufferCounter         20CC 
    -------------------------------------------------------------------------
<CODE> 1 (was CODE)
  Relative segment, address: 84E4 - 853F (0x5c bytes), align: 1
  Segment part 101.           Intra module refs:   main
           ENTRY                   ADDRESS         REF BY
           =====                   =======         ======
           uartRx                  84E4 
    -------------------------------------------------------------------------
<CODE> 1 (was CODE)
  Relative segment, address: 8540 - 8637 (0xf8 bytes), align: 1
  Segment part 102.           Intra module refs:   main
           ENTRY                   ADDRESS         REF BY
           =====                   =======         ======
           SerialStarWithCallbacks::loopBottom()
                                   8540 
               calls direct and indirect
    -------------------------------------------------------------------------
<CODE> 1 (was CODE)
  Relative segment, address: 8638 - 8641 (0xa bytes), align: 1
  Segment part 103.           Intra module refs:   SerialStarWithCallbacks::loopBottom()
           LOCAL                   ADDRESS         
           =====                   =======         
           ?Subroutine18           8638 
    -------------------------------------------------------------------------
<CODE> 1 (was CODE)
  Relative segment, address: 8642 - 864D (0xc bytes), align: 1
  Segment part 104.           Intra module refs:   SerialStarWithCallbacks::loopBottom()
           LOCAL                   ADDRESS         
           =====                   =======         
           ?Subroutine15           8642 
    -------------------------------------------------------------------------
<CODE> 1 (was CODE)
  Relative segment, address: 864E - 8655 (0x8 bytes), align: 1
  Segment part 105.           Intra module refs:   ?Subroutine15
                                                   SerialStarWithCallbacks::loopBottom()
           LOCAL                   ADDRESS         
           =====                   =======         
           ?Subroutine27           864E 
    -------------------------------------------------------------------------
<CODE> 1 (was CODE)
  Relative segment, address: 8656 - 8691 (0x3c bytes), align: 1
  Segment part 106.           Intra module refs:   main
           LOCAL                   ADDRESS         
           =====                   =======         
           targetSetup()           8656 
               calls direct
    -------------------------------------------------------------------------
<CODE> 1 (was CODE)
  Relative segment, address: 8692 - 869D (0xc bytes), align: 1
  Segment part 107.           Intra module refs:   ?Subroutine17
                                                   main
                                                   targetSetup()
           LOCAL                   ADDRESS         
           =====                   =======         
           ?Subroutine26           8692 
    -------------------------------------------------------------------------
<CODE> 1 (was CODE)
  Relative segment, address: 869E - 8723 (0x86 bytes), align: 1
  Segment part 108.           Intra module refs:   main
           ENTRY                   ADDRESS         REF BY
           =====                   =======         ======
           uartInit                869E 
    -------------------------------------------------------------------------
<CODE> 1 (was CODE)
  Relative segment, address: 8724 - 87C3 (0xa0 bytes), align: 1
  Segment part 109.           Intra module refs:   main
           ENTRY                   ADDRESS         REF BY
           =====                   =======         ======
           Serial::begin(unsigned long)
                                   8724 
    -------------------------------------------------------------------------
<CODE> 1 (was CODE)
  Relative segment, address: 87C4 - 8831 (0x6e bytes), align: 1
  Segment part 110.           Intra module refs:   hardwareInit()
           ENTRY                   ADDRESS         REF BY
           =====                   =======         ======
           Timer_B_initUpMode      87C4 
    -------------------------------------------------------------------------
<CODE> 1 (was CODE)
  Relative segment, address: 8832 - 88F7 (0xc6 bytes), align: 1
  Segment part 111.           Intra module refs:   hardwareInit()
           ENTRY                   ADDRESS         REF BY
           =====                   =======         ======
           CS_initFLL              8832 
    -------------------------------------------------------------------------
<CODE> 1 (was CODE)
  Relative segment, address: 88F8 - 8933 (0x3c bytes), align: 1
  Segment part 112.           Intra module refs:   hardwareInit()
           ENTRY                   ADDRESS         REF BY
           =====                   =======         ======
           CS_turnOnXT1LFWithTimeout
                                   88F8 
    -------------------------------------------------------------------------
<CODE> 1 (was CODE)
  Relative segment, address: 8934 - 8957 (0x24 bytes), align: 1
  Segment part 113.           Intra module refs:   hardwareInit()
           ENTRY                   ADDRESS         REF BY
           =====                   =======         ======
           GPIO_setAsInputPinWithPullUpResistor
                                   8934 
    -------------------------------------------------------------------------
<CODE> 1 (was CODE)
  Relative segment, address: 8958 - 8969 (0x12 bytes), align: 1
  Segment part 114.           Intra module refs:   hardwareInit()
           ENTRY                   ADDRESS         REF BY
           =====                   =======         ======
           GPIO_setAsOutputPin     8958 
    -------------------------------------------------------------------------
<CODE> 1 (was CODE)
  Relative segment, address: 896A - 898F (0x26 bytes), align: 1
  Segment part 115.           Intra module refs:   GPIO_setAsInputPinWithPullUpResistor
                                                   GPIO_setAsOutputPin
           LOCAL                   ADDRESS         
           =====                   =======         
           ?Subroutine8            896A 
    -------------------------------------------------------------------------
<CODE> 1 (was CODE)
  Relative segment, address: 8990 - 89D7 (0x48 bytes), align: 1
  Segment part 116.           Intra module refs:   hardwareInit()
           ENTRY                   ADDRESS         REF BY
           =====                   =======         ======
           GPIO_setAsPeripheralModuleFunctionOutputPin
                                   8990 
    -------------------------------------------------------------------------
<CODE> 1 (was CODE)
  Relative segment, address: 89D8 - 89E3 (0xc bytes), align: 1
  Segment part 117.           Intra module refs:   GPIO_setAsInputPinWithPullUpResistor
                                                   GPIO_setAsOutputPin
                                                   GPIO_setAsPeripheralModuleFunctionInputPin
                                                   GPIO_setAsPeripheralModuleFunctionOutputPin
           LOCAL                   ADDRESS         
           =====                   =======         
           ?Subroutine19           89D8 
    -------------------------------------------------------------------------
<CODE> 1 (was CODE)
  Relative segment, address: 89E4 - 8A35 (0x52 bytes), align: 1
  Segment part 118.           Intra module refs:   hardwareInit()
           ENTRY                   ADDRESS         REF BY
           =====                   =======         ======
           GPIO_setAsPeripheralModuleFunctionInputPin
                                   89E4 
    -------------------------------------------------------------------------
<CODE> 1 (was CODE)
  Relative segment, address: 8A36 - 8A43 (0xe bytes), align: 1
  Segment part 119.           Intra module refs:   GPIO_setAsPeripheralModuleFunctionInputPin
                                                   GPIO_setAsPeripheralModuleFunctionOutputPin
           LOCAL                   ADDRESS         
           =====                   =======         
           ?Subroutine20           8A36 
    -------------------------------------------------------------------------
<CODE> 1 (was CODE)
  Relative segment, address: 8A44 - 8A53 (0x10 bytes), align: 1
  Segment part 120.           Intra module refs:   GPIO_setAsPeripheralModuleFunctionInputPin
                                                   GPIO_setAsPeripheralModuleFunctionOutputPin
           LOCAL                   ADDRESS         
           =====                   =======         
           ?Subroutine16           8A44 
    -------------------------------------------------------------------------
<CODE> 1 (was CODE)
  Relative segment, address: 8A54 - 8B37 (0xe4 bytes), align: 1
  Segment part 121.           Intra module refs:   main
           LOCAL                   ADDRESS         
           =====                   =======         
           hardwareInit()          8A54 
               calls direct
    -------------------------------------------------------------------------
<CODE> 1 (was CODE)
  Relative segment, address: 8B38 - 8D37 (0x200 bytes), align: 1
  Segment part 122.
           ENTRY                   ADDRESS         REF BY
           =====                   =======         ======
           main                    8B38            Segment part 27 (?cstart)
               calls direct and indirect
    -------------------------------------------------------------------------
<CODE> 1 (was CODE)
  Relative segment, address: 8D38 - 8D45 (0xe bytes), align: 1
  Segment part 123.           Intra module refs:   main
           LOCAL                   ADDRESS         
           =====                   =======         
           ?Subroutine22           8D38 
    -------------------------------------------------------------------------
<CODE> 1 (was CODE)
  Relative segment, address: 8D46 - 8D4D (0x8 bytes), align: 1
  Segment part 124.           Intra module refs:   main
           LOCAL                   ADDRESS         
           =====                   =======         
           ?Subroutine21           8D46 
    -------------------------------------------------------------------------
<CODE> 1 (was CODE)
  Relative segment, address: 8D4E - 8D55 (0x8 bytes), align: 1
  Segment part 125.           Intra module refs:   main
           LOCAL                   ADDRESS         
           =====                   =======         
           ?Subroutine17           8D4E 
    -------------------------------------------------------------------------
<CODE> 1 (was CODE)
  Relative segment, address: 8D56 - 8D63 (0xe bytes), align: 1
  Segment part 126.           Intra module refs:   main
           LOCAL                   ADDRESS         
           =====                   =======         
           ?Subroutine14           8D56 
    -------------------------------------------------------------------------
<CODE> 1 (was CODE)
  Relative segment, address: 8D64 - 8D75 (0x12 bytes), align: 1
  Segment part 127.           Intra module refs:   main
                                                   sendCommand()
           LOCAL                   ADDRESS         
           =====                   =======         
           ?Subroutine3            8D64 
    -------------------------------------------------------------------------
<CODE> 1 (was CODE)
  Relative segment, address: 8D76 - 8D87 (0x12 bytes), align: 1
  Segment part 128.           Intra module refs:   Serial::__vtbl
           ENTRY                   ADDRESS         REF BY
           =====                   =======         ======
           Serial::available()     8D76 
    -------------------------------------------------------------------------
<CODE> 1 (was CODE)
  Relative segment, address: 8D88 - 8DB3 (0x2c bytes), align: 1
  Segment part 129.           Intra module refs:   Serial::__vtbl
           ENTRY                   ADDRESS         REF BY
           =====                   =======         ======
           Serial::read()          8D88 
    -------------------------------------------------------------------------
<CODE> 1 (was CODE)
  Relative segment, address: 8DB4 - 8DBD (0xa bytes), align: 1
  Segment part 130.           Intra module refs:   Serial::read()
                                                   Serial::write(uint8_t)
                                                   delayMs(unsigned int)
           LOCAL                   ADDRESS         
           =====                   =======         
           ?Subroutine9            8DB4 
    -------------------------------------------------------------------------
<CODE> 1 (was CODE)
  Relative segment, address: 8DBE - 8DEF (0x32 bytes), align: 1
  Segment part 131.           Intra module refs:   Serial::__vtbl
           ENTRY                   ADDRESS         REF BY
           =====                   =======         ======
           Serial::write(uint8_t)
                                   8DBE 
    -------------------------------------------------------------------------
<CODE> 1 (was CODE)
  Relative segment, address: 8DF0 - 8DF9 (0xa bytes), align: 1
  Segment part 132.           Intra module refs:   RxIoSampleResponse::__vtbl
           ENTRY                   ADDRESS         REF BY
           =====                   =======         ======
           RxIoSampleResponse::getDataLength()
                                   8DF0 
    -------------------------------------------------------------------------
<CODE> 1 (was CODE)
  Relative segment, address: 8DFA - 8DFF (0x6 bytes), align: 1
  Segment part 133.           Intra module refs:   RxIoSampleResponse::__vtbl
           ENTRY                   ADDRESS         REF BY
           =====                   =======         ======
           RxIoSampleResponse::getDataOffset()
                                   8DFA 
    -------------------------------------------------------------------------
<CODE> 1 (was CODE)
  Relative segment, address: 8E00 - 8E07 (0x8 bytes), align: 1
  Segment part 134.           Intra module refs:   RxResponse::__vtbl
           ENTRY                   ADDRESS         REF BY
           =====                   =======         ======
           RxResponse::getDataLength()
                                   8E00 
    -------------------------------------------------------------------------
<CODE> 1 (was CODE)
  Relative segment, address: 8E08 - 8E0B (0x4 bytes), align: 1
  Segment part 135.           Intra module refs:   RxResponse::__vtbl
           ENTRY                   ADDRESS         REF BY
           =====                   =======         ======
           RxResponse::getDataOffset()
                                   8E08 
    -------------------------------------------------------------------------
<CODE> 1 (was CODE)
  Relative segment, address: 8E0C - 8E25 (0x1a bytes), align: 1
  Segment part 136.           Intra module refs:   AtCommandRequest::__vtbl
           ENTRY                   ADDRESS         REF BY
           =====                   =======         ======
           AtCommandRequest::getFrameData(uint8_t)
                                   8E0C 
    -------------------------------------------------------------------------
<CODE> 1 (was CODE)
  Relative segment, address: 8E26 - 8E2D (0x8 bytes), align: 1
  Segment part 137.           Intra module refs:   AtCommandRequest::getFrameData(uint8_t)
                                                   RemoteAtCommandRequest::getFrameData(uint8_t)
           LOCAL                   ADDRESS         
           =====                   =======         
           ?Subroutine1            8E26 
    -------------------------------------------------------------------------
<CODE> 1 (was CODE)
  Relative segment, address: 8E2E - 8E37 (0xa bytes), align: 1
  Segment part 138.           Intra module refs:   AtCommandRequest::getFrameData(uint8_t)
                                                   RemoteAtCommandRequest::getFrameData(uint8_t)
           LOCAL                   ADDRESS         
           =====                   =======         
           ?Subroutine0            8E2E 
    -------------------------------------------------------------------------
<CODE> 1 (was CODE)
  Relative segment, address: 8E38 - 8E3F (0x8 bytes), align: 1
  Segment part 139.           Intra module refs:   AtCommandRequest::__vtbl
           ENTRY                   ADDRESS         REF BY
           =====                   =======         ======
           AtCommandRequest::getFrameDataLength()
                                   8E38 
    -------------------------------------------------------------------------
<CODE> 1 (was CODE)
  Relative segment, address: 8E40 - 8EAB (0x6c bytes), align: 1
  Segment part 140.           Intra module refs:   RemoteAtCommandRequest::__vtbl
           ENTRY                   ADDRESS         REF BY
           =====                   =======         ======
           RemoteAtCommandRequest::getFrameData(uint8_t)
                                   8E40 
    -------------------------------------------------------------------------
<CODE> 1 (was CODE)
  Relative segment, address: 8EAC - 8EB5 (0xa bytes), align: 1
  Segment part 141.           Intra module refs:   RemoteAtCommandRequest::__vtbl
           ENTRY                   ADDRESS         REF BY
           =====                   =======         ======
           RemoteAtCommandRequest::getFrameDataLength()
                                   8EAC 
    -------------------------------------------------------------------------
<CODE> 1 (was CODE)
  Relative segment, address: 8EB6 - 8EE1 (0x2c bytes), align: 1
  Segment part 142.           Intra module refs:   SerialStar::readPacket()
           ENTRY                   ADDRESS         REF BY
           =====                   =======         ======
           SerialStar::resetResponse()
                                   8EB6 
    -------------------------------------------------------------------------
<CODE> 1 (was CODE)
  Relative segment, address: 8EE2 - 8EEF (0xe bytes), align: 1
  Segment part 143.           Intra module refs:   SerialStar::SerialStar()
                                                   SerialStar::resetResponse()
           LOCAL                   ADDRESS         
           =====                   =======         
           ?Subroutine7            8EE2 
    -------------------------------------------------------------------------
<CODE> 1 (was CODE)
  Relative segment, address: 8EF0 - 9009 (0x11a bytes), align: 1
  Segment part 144.           Intra module refs:   SerialStar::__vtbl
                                                   SerialStarWithCallbacks::__vtbl_SerialStar
           ENTRY                   ADDRESS         REF BY
           =====                   =======         ======
           SerialStar::readPacket()
                                   8EF0 
               calls direct and indirect
    -------------------------------------------------------------------------
<CODE> 1 (was CODE)
  Relative segment, address: 900A - 9017 (0xe bytes), align: 1
  Segment part 145.           Intra module refs:   SerialStar::readPacket()
           LOCAL                   ADDRESS         
           =====                   =======         
           ?Subroutine6            900A 
    -------------------------------------------------------------------------
<CODE> 1 (was CODE)
  Relative segment, address: 9018 - 901D (0x6 bytes), align: 1
  Segment part 146.           Intra module refs:   SerialStar::readPacket()
           LOCAL                   ADDRESS         
           =====                   =======         
           ?Subroutine5            9018 
    -------------------------------------------------------------------------
<CODE> 1 (was CODE)
  Relative segment, address: 901E - 9029 (0xc bytes), align: 1
  Segment part 147.           Intra module refs:   ?Subroutine11
                                                   ?Subroutine5
           LOCAL                   ADDRESS         
           =====                   =======         
           ?Subroutine25           901E 
    -------------------------------------------------------------------------
<CODE> 1 (was CODE)
  Relative segment, address: 952E - 9537 (0xa bytes), align: 1
  Segment part 150.           Intra module refs:   ?Subroutine3
                                                   ?Subroutine6
                                                   SerialStar::readPacket(int)
                                                   SerialStar::readPacketUntilAvailable()
           LOCAL                   ADDRESS         
           =====                   =======         
           ?Subroutine24           952E 
    -------------------------------------------------------------------------
<CODE> 1 (was CODE)
  Relative segment, address: 92DC - 9317 (0x3c bytes), align: 1
  Segment part 90.            Intra module refs:   sendCommand()
           LOCAL                   ADDRESS         
           =====                   =======         
           ledBlinking(uint8_t, uint8_t)
                                   92DC 
               calls direct
    -------------------------------------------------------------------------
<CODE> 1 (was CODE)
  Relative segment, address: 9540 - 9547 (0x8 bytes), align: 1
  Segment part 91.            Intra module refs:   ledBlinking(uint8_t, uint8_t)
           LOCAL                   ADDRESS         
           =====                   =======         
           ?Subroutine10           9540 
    -------------------------------------------------------------------------
<CODE> 1 (was CODE)
  Relative segment, address: 91C6 - 920D (0x48 bytes), align: 1
  Segment part 89.            Intra module refs:   ?Subroutine10
           LOCAL                   ADDRESS         
           =====                   =======         
           delayMs(unsigned int)   91C6 
    -------------------------------------------------------------------------
<CODE> 1 (was CODE)
  Relative segment, address: 9458 - 9475 (0x1e bytes), align: 1
  Segment part 93.            Intra module refs:   SerialStar::readPacket(int)
                                                   sendCommand()
           ENTRY                   ADDRESS         REF BY
           =====                   =======         ======
           millis()                9458 
    -------------------------------------------------------------------------
<CODE> 1 (was CODE)
  Relative segment, address: 9352 - 938B (0x3a bytes), align: 1
  Segment part 92.            Intra module refs:   ?Subroutine27
                                                   sendCommand()
           ENTRY                   ADDRESS         REF BY
           =====                   =======         ======
           MBeeResponse::setCommon(MBeeResponse &)
                                   9352 
    -------------------------------------------------------------------------
<CODE> 1 (was CODE)
  Relative segment, address: 929C - 92DB (0x40 bytes), align: 1
  Segment part 81.            Intra module refs:   __sti__routine()
           ENTRY                   ADDRESS         REF BY
           =====                   =======         ======
           RemoteAtCommandRequest::RemoteAtCommandRequest()
                                   929C 
    -------------------------------------------------------------------------
<CODE> 1 (was CODE)
  Relative segment, address: 93E8 - 9411 (0x2a bytes), align: 1
  Segment part 82.            Intra module refs:   __sti__routine()
           ENTRY                   ADDRESS         REF BY
           =====                   =======         ======
           SerialStar::SerialStar()
                                   93E8 
    -------------------------------------------------------------------------
<CODE> 1 (was CODE)
  Relative segment, address: 920E - 9255 (0x48 bytes), align: 1
  Segment part 148.           Intra module refs:   SerialStar::__vtbl
                                                   SerialStarWithCallbacks::__vtbl_SerialStar
           ENTRY                   ADDRESS         REF BY
           =====                   =======         ======
           SerialStar::readPacket(int)
                                   920E 
               calls direct and indirect
    -------------------------------------------------------------------------
<CODE> 1 (was CODE)
  Relative segment, address: 9438 - 9457 (0x20 bytes), align: 1
  Segment part 149.           Intra module refs:   SerialStar::__vtbl
                                                   SerialStarWithCallbacks::__vtbl_SerialStar
           ENTRY                   ADDRESS         REF BY
           =====                   =======         ======
           SerialStar::readPacketUntilAvailable()
                                   9438 
               calls indirect
    -------------------------------------------------------------------------
<CODE> 1 (was CODE)
  Relative segment, address: 9516 - 9521 (0xc bytes), align: 1
  Segment part 151.           Intra module refs:   SerialStar::__vtbl
                                                   SerialStarWithCallbacks::__vtbl_SerialStar
           ENTRY                   ADDRESS         REF BY
           =====                   =======         ======
           SerialStar::send(void *)
                                   9516 
               calls direct
    -------------------------------------------------------------------------
<CODE> 1 (was CODE)
  Relative segment, address: 90B6 - 9125 (0x70 bytes), align: 1
  Segment part 94.            Intra module refs:   SerialStar::send(void *)
                                                   sendCommand()
           ENTRY                   ADDRESS         REF BY
           =====                   =======         ======
           SerialStar::send(MBeeRequest &)
                                   90B6 
               calls indirect
    -------------------------------------------------------------------------
<CODE> 1 (was CODE)
  Relative segment, address: 94E6 - 94F5 (0x10 bytes), align: 1
  Segment part 95.            Intra module refs:   SerialStar::send(MBeeRequest &)
           LOCAL                   ADDRESS         
           =====                   =======         
           ?Subroutine12           94E6 
    -------------------------------------------------------------------------
<CODE> 1 (was CODE)
  Relative segment, address: 9256 - 929B (0x46 bytes), align: 1
  Segment part 85.            Intra module refs:   ?Subroutine23
                                                   ?Subroutine4
                                                   Console::print(uint32_t, uint8_t)
                                                   Console::println(char const *)
           ENTRY                   ADDRESS         REF BY
           =====                   =======         ======
           uartTxWait              9256 
               calls direct
    -------------------------------------------------------------------------
<CODE> 1 (was CODE)
  Relative segment, address: 9126 - 917B (0x56 bytes), align: 1
  Segment part 84.            Intra module refs:   uartTxWait
           ENTRY                   ADDRESS         REF BY
           =====                   =======         ======
           uartTx(void const *, uint16_t)
                                   9126 
    -------------------------------------------------------------------------
ISR_CODE
  Relative segment, address: 82F4 - 8375 (0x82 bytes), align: 1
  Segment part 156.           Intra module refs:   USCI_A1_ISR()::??INTVEC 64
           ENTRY                   ADDRESS         REF BY
           =====                   =======         ======
           USCI_A1_ISR()           82F4 
               interrupt function
    -------------------------------------------------------------------------
INTVEC
  Common segment, address: FFA2 - FFCF (0x2e bytes), align: 1
  Segment part 25. ROOT 
           ENTRY                   ADDRESS         REF BY
           =====                   =======         ======
           P4_ISR()::??INTVEC 44   FFCE 
    -------------------------------------------------------------------------
INTVEC
  Common segment, address: FFA2 - FFE3 (0x42 bytes), align: 1
  Segment part 26. ROOT 
           ENTRY                   ADDRESS         REF BY
           =====                   =======         ======
           USCI_A1_ISR()::??INTVEC 64
                                   FFE2 
    -------------------------------------------------------------------------
INTVEC
  Common segment, address: FFA2 - FFE5 (0x44 bytes), align: 1
  Segment part 27. ROOT 
           ENTRY                   ADDRESS         REF BY
           =====                   =======         ======
           USCI_A0_ISR()::??INTVEC 66
                                   FFE4 
    -------------------------------------------------------------------------
INTVEC
  Common segment, address: FFA2 - FFF9 (0x58 bytes), align: 1
  Segment part 28. ROOT 
           ENTRY                   ADDRESS         REF BY
           =====                   =======         ======
           TIMER0_B0_ISR()::??INTVEC 86
                                   FFF8 
    -------------------------------------------------------------------------
DATA16_ID
  Relative segment, address: 8206 - 820D (0x8 bytes), align: 1
  Segment part 53.            Intra module refs:   serial
    -------------------------------------------------------------------------
DATA16_ID
  Relative segment, address: 820E - 820F (0x2 bytes), align: 1
  Segment part 66.            Intra module refs:   millisCorrector
    -------------------------------------------------------------------------
DIFUNCT
  Relative segment, address: 8210 - 8213 (0x4 bytes), align: 1
  Segment part 80. ROOT 

    *************************************************************************

  FILE NAME : C:\VONBOD\SYSMC\Low-Power RF\C++\cpp-mbee\examples\MSP430\IAR\Debug\Obj\Control.r43
    *************************************************************************

  FILE NAME : C:\VONBOD\SYSMC\Low-Power RF\C++\cpp-mbee\examples\MSP430\IAR\Debug\Obj\cs.r43
    *************************************************************************

  FILE NAME : C:\VONBOD\SYSMC\Low-Power RF\C++\cpp-mbee\examples\MSP430\IAR\Debug\Obj\eusci_a_uart.r43
    *************************************************************************

  FILE NAME : C:\VONBOD\SYSMC\Low-Power RF\C++\cpp-mbee\examples\MSP430\IAR\Debug\Obj\gpio.r43
    *************************************************************************

  FILE NAME : C:\VONBOD\SYSMC\Low-Power RF\C++\cpp-mbee\examples\MSP430\IAR\Debug\Obj\MBee.r43
    *************************************************************************

  FILE NAME : C:\VONBOD\SYSMC\Low-Power RF\C++\cpp-mbee\examples\MSP430\IAR\Debug\Obj\MSP430Serial.r43
    *************************************************************************

  FILE NAME : C:\VONBOD\SYSMC\Low-Power RF\C++\cpp-mbee\examples\MSP430\IAR\Debug\Obj\pmm.r43
    *************************************************************************

  FILE NAME : C:\VONBOD\SYSMC\Low-Power RF\C++\cpp-mbee\examples\MSP430\IAR\Debug\Obj\SerialStar.r43
    *************************************************************************

  FILE NAME : C:\VONBOD\SYSMC\Low-Power RF\C++\cpp-mbee\examples\MSP430\IAR\Debug\Obj\System.r43
    *************************************************************************

  FILE NAME : C:\VONBOD\SYSMC\Low-Power RF\C++\cpp-mbee\examples\MSP430\IAR\Debug\Obj\timer_b.r43
    *************************************************************************

  FILE NAME : C:\VONBOD\SYSMC\Low-Power RF\C++\cpp-mbee\examples\MSP430\IAR\Debug\Obj\uart.r43
    *************************************************************************

  FILE NAME : C:\VONBOD\SYSMC\Low-Power RF\C++\cpp-mbee\examples\MSP430\IAR\Debug\Obj\wdt_a.r43
    *************************************************************************

  FILE NAME : C:\Program Files (x86)\IAR Systems\Embedded Workbench 9.0\430\lib\dlib\dl430xlsfn.r43
  LIBRARY MODULE, NAME : ?abort

  SEGMENTS IN THE MODULE
  ======================
<CODE> 1 (was CODE)
  Relative segment, address: 94F6 - 9505 (0x10 bytes), align: 1
  Segment part 2.
           ENTRY                   ADDRESS         REF BY
           =====                   =======         ======
           abort                   94F6            __record_needed_destruction (?cppinit)
               calls direct

    -------------------------------------------------------------------------
  LIBRARY MODULE, NAME : ?__dbg_break

  SEGMENTS IN THE MODULE
  ======================
<CODE> 1 (was CODE)
  Relative segment, address: 9554 - 9555 (0x2 bytes), align: 1
  Segment part 2.
           ENTRY                   ADDRESS         REF BY
           =====                   =======         ======
           __DebugBreak            9554            __exit (?__exit)
                                                   abort (?abort)

    -------------------------------------------------------------------------
  LIBRARY MODULE, NAME : ?__exit

  SEGMENTS IN THE MODULE
  ======================
<CODE> 1 (was CODE)
  Relative segment, address: 94AE - 94C1 (0x14 bytes), align: 1
  Segment part 2.
           ENTRY                   ADDRESS         REF BY
           =====                   =======         ======
           __exit                  94AE            Segment part 6 (?_exit)
                                                   _exit (?_exit)
                                                   abort (?abort)
               calls direct

    -------------------------------------------------------------------------
  LIBRARY MODULE, NAME : ?_exit

  SEGMENTS IN THE MODULE
  ======================
<CODE> 1 (was CODE)
  Relative segment, address: 9522, align: 1
  Segment part 0.
           ENTRY                   ADDRESS         REF BY
           =====                   =======         ======
           _exit                   9522            exit (?exit)
    -------------------------------------------------------------------------
<CODE> 1 (was CODE)
  Relative segment, address: 9522 - 9523 (0x2 bytes), align: 1
  Segment part 1.             Intra module refs:   __cstart_call_dtors
    -------------------------------------------------------------------------
<CODE> 1 (was CODE)
  Relative segment, address: 9524 - 9527 (0x4 bytes), align: 1
  Segment part 2.
           ENTRY                   ADDRESS         REF BY
           =====                   =======         ======
           __cstart_call_dtors     9524            __record_needed_destruction (?cppinit)
    -------------------------------------------------------------------------
<CODE> 1 (was CODE)
  Relative segment, address: 9528 - 9529 (0x2 bytes), align: 1
  Segment part 5.             Intra module refs:   Segment part 1
    -------------------------------------------------------------------------
<CODE> 1 (was CODE)
  Relative segment, address: 952A - 952D (0x4 bytes), align: 1
  Segment part 6.             Intra module refs:   _exit

    -------------------------------------------------------------------------
  LIBRARY MODULE, NAME : ?cppinit

  SEGMENTS IN THE MODULE
  ======================
<CODE> 1 (was CODE)
  Relative segment, address: 9318 - 9351 (0x3a bytes), align: 1
  Segment part 3.
           ENTRY                   ADDRESS         REF BY
           =====                   =======         ======
           __call_ctors            9318            ?cstart_call_ctors (?cstart)
               calls indirect
    -------------------------------------------------------------------------
DATA16_Z
  Relative segment, address: 20CE - 20CF (0x2 bytes), align: 1
  Segment part 2.             Intra module refs:   __call_dtors
                                                   __record_needed_destruction
    -------------------------------------------------------------------------
<CODE> 1 (was CODE)
  Relative segment, address: 9412 - 9437 (0x26 bytes), align: 1
  Segment part 4.
           ENTRY                   ADDRESS         REF BY
           =====                   =======         ======
           __record_needed_destruction
                                   9412            __sti__routine() (console)
               calls direct
    -------------------------------------------------------------------------
<CODE> 1 (was CODE)
  Relative segment, address: 93BC - 93E7 (0x2c bytes), align: 1
  Segment part 6.
           ENTRY                   ADDRESS         REF BY
           =====                   =======         ======
           __call_dtors            93BC            __cstart_call_dtors (?_exit)
               calls indirect

    -------------------------------------------------------------------------
  LIBRARY MODULE, NAME : ?cstart

  SEGMENTS IN THE MODULE
  ======================
CSTACK
  Relative segment, address: 2F60, align: 1
  Segment part 1.
    -------------------------------------------------------------------------
DATA16_Z
  Relative segment, address: 20D0, align: 1
  Segment part 2.
    -------------------------------------------------------------------------
DATA16_I
  Relative segment, address: 200A, align: 1
  Segment part 3.
    -------------------------------------------------------------------------
DATA16_ID
  Relative segment, address: 8210, align: 1
  Segment part 4.
    -------------------------------------------------------------------------
CODE_I
  Relative segment, address: 25D4, align: 1
  Segment part 5.
    -------------------------------------------------------------------------
CODE_ID
  Relative segment, address: 8376, align: 1
  Segment part 6.
    -------------------------------------------------------------------------
DATA20_Z
  Relative segment, address: 25D4, align: 1
  Segment part 7.
    -------------------------------------------------------------------------
DATA20_I
  Relative segment, address: 25D4, align: 1
  Segment part 8.
    -------------------------------------------------------------------------
DATA20_ID
  Relative segment, address: 8214, align: 1
  Segment part 9.
    -------------------------------------------------------------------------
DATA20_C
  Relative segment, address: 8214, align: 1
  Segment part 10.
    -------------------------------------------------------------------------
DATA20_N
  Relative segment, address: 25D4, align: 1
  Segment part 12.
    -------------------------------------------------------------------------
CSTART
  Relative segment, address: 8214 - 8217 (0x4 bytes), align: 1
  Segment part 15.
           ENTRY                   ADDRESS         REF BY
           =====                   =======         ======
           __program_start         8214            ?reset_vector (?reset_vector)
                                                   Absolute parts (?ABS_ENTRY_MOD)
           ?cstart_begin           8214 
    -------------------------------------------------------------------------
CSTART
  Relative segment, address: 8218 - 8223 (0xc bytes), align: 1
  Segment part 20.
           ENTRY                   ADDRESS         REF BY
           =====                   =======         ======
           ?cstart_init_zero       8218            MBee (console)
                                                   Segment part 2 (?cppinit)
                                                   Segment part 55 (console)
                                                   brigthness (console)
                                                   buttonMode (console)
                                                   cmdParam (console)
                                                   console (console)
                                                   events (console)
                                                   remoteAtRequest (console)
                                                   remoteAtResponse (console)
                                                   rxBufferCounter (console)
                                                   rxBufferPointer (console)
                                                   sysTickCounter (console)
                                                   txBufferCounter (console)
                                                   txBufferPointer (console)
                                                   txStatus (console)
    -------------------------------------------------------------------------
CSTART
  Relative segment, address: 8224 - 8233 (0x10 bytes), align: 1
  Segment part 21.
           ENTRY                   ADDRESS         REF BY
           =====                   =======         ======
           ?cstart_init_copy       8224            millisCorrector (console)
                                                   serial (console)
    -------------------------------------------------------------------------
DIFUNCT
  Relative segment, address: 8214, align: 1
  Segment part 25.
    -------------------------------------------------------------------------
CSTART
  Relative segment, address: 8234 - 823F (0xc bytes), align: 1
  Segment part 26.
           ENTRY                   ADDRESS         REF BY
           =====                   =======         ======
           ?cstart_call_ctors      8234            Segment part 80 (console)
    -------------------------------------------------------------------------
CSTART
  Relative segment, address: 8240 - 8247 (0x8 bytes), align: 1
  Segment part 27.            Intra module refs:   Segment part 15
           ENTRY                   ADDRESS         REF BY
           =====                   =======         ======
           ?cstart_call_main       8240 
           ?cstart_end             8248 
    -------------------------------------------------------------------------
CODE_ID
  Relative segment, address: 8376, align: 1
  Segment part 28.            Intra module refs:   Segment part 5

    -------------------------------------------------------------------------
  LIBRARY MODULE, NAME : ?reset_vector

  SEGMENTS IN THE MODULE
  ======================
RESET
  Relative segment, address: FFFE - FFFF (0x2 bytes), align: 1
  Segment part 0.
           ENTRY                   ADDRESS         REF BY
           =====                   =======         ======
           ?reset_vector           FFFE            Segment part 15 (?cstart)

    -------------------------------------------------------------------------
  LIBRARY MODULE, NAME : ?exit

  SEGMENTS IN THE MODULE
  ======================
<CODE> 1 (was CODE)
  Relative segment, address: 9550 - 9553 (0x4 bytes), align: 1
  Segment part 2.
           ENTRY                   ADDRESS         REF BY
           =====                   =======         ======
           exit                    9550            Segment part 27 (?cstart)
               calls direct

    -------------------------------------------------------------------------
  LIBRARY MODULE, NAME : ?DivMod32u

  SEGMENTS IN THE MODULE
  ======================
<CODE> 1 (was CODE)
  Relative segment, address: 938C - 93BB (0x30 bytes), align: 1
  Segment part 0.
           ENTRY                   ADDRESS         REF BY
           =====                   =======         ======
           ?DivMod32u              938C            Console::ultoa(uint32_t, uint8_t *, uint8_t) (console)

    -------------------------------------------------------------------------
  LIBRARY MODULE, NAME : ?memcpy

  SEGMENTS IN THE MODULE
  ======================
<CODE> 1 (was CODE)
  Relative segment, address: 94D4 - 94E5 (0x12 bytes), align: 1
  Segment part 2.
           ENTRY                   ADDRESS         REF BY
           =====                   =======         ======
           memcpy                  94D4            __data16_memcpy (?memzero)

    -------------------------------------------------------------------------
  LIBRARY MODULE, NAME : ?memzero

  SEGMENTS IN THE MODULE
  ======================
<CODE> 1 (was CODE)
  Relative segment, address: 9506 - 9515 (0x10 bytes), align: 1
  Segment part 2.
           ENTRY                   ADDRESS         REF BY
           =====                   =======         ======
           __data16_memzero        9506            ?cstart_init_zero (?cstart)
    -------------------------------------------------------------------------
<CODE> 1 (was CODE)
  Relative segment, address: 9548 - 954B (0x4 bytes), align: 1
  Segment part 3.
           ENTRY                   ADDRESS         REF BY
           =====                   =======         ======
           __data16_memcpy         9548            ?cstart_init_copy (?cstart)
               calls direct

    -------------------------------------------------------------------------
  LIBRARY MODULE, NAME : ?IndCallR15

  SEGMENTS IN THE MODULE
  ======================
<CODE> 1 (was CODE)
  Relative segment, address: 954C - 954F (0x4 bytes), align: 1
  Segment part 0.
           ENTRY                   ADDRESS         REF BY
           =====                   =======         ======
           ?IndCallR15             954C            ?Subroutine12 (console)
                                                   ?Subroutine2 (console)
                                                   ?Subroutine24 (console)
                                                   ?Subroutine25 (console)
                                                   SerialStarWithCallbacks::loopBottom() (console)
                                                   __call_ctors (?cppinit)
                                                   __call_dtors (?cppinit)

    -------------------------------------------------------------------------
  LIBRARY MODULE, NAME : ?strlen

  SEGMENTS IN THE MODULE
  ======================
<CODE> 1 (was CODE)
  Relative segment, address: 94C2 - 94D3 (0x12 bytes), align: 1
  Segment part 2.
           ENTRY                   ADDRESS         REF BY
           =====                   =======         ======
           strlen                  94C2            Console::print(uint32_t, uint8_t) (console)
                                                   Console::println(char const *) (console)




                ****************************************
                *                                      *
                *      SEGMENTS IN ADDRESS ORDER       *
                *                                      *
                ****************************************


SEGMENT              SPACE    START ADDRESS   END ADDRESS     SIZE  TYPE  ALIGN
=======              =====    =============   ===========     ====  ====  =====
DATA16_AN                              0130 - 0131               2   rel    0
                                       0380 - 0383               4 
                                       0392 - 0393               2 
                                       03A0 - 03A1               2 
                                       03C0 - 03C3               4 
                                       03D2 - 03D3               2 
                                       0500 - 0501               2 
                                       0506 - 0509               4 
                                       050C - 050F               4 
                                       051A - 051F               6 
                                       0580 - 0581               2 
                                       0586 - 0589               4 
                                       058C - 058F               4 
                                       059A - 059F               6 
DATA16_I                               2000 - 2009               A   rel    1
DATA16_Z                               200A - 20D3              CA   rel    1
DATA16_N                               20D4 - 25D3             500   rel    0
CODE_I                                    25D4                       rel    1
DATA20_I                                  25D4                       rel    1
DATA20_Z                                  25D4                       rel    1
DATA20_N                                  25D4                       rel    1
CSTACK                                 2F60 - 2FFF              A0   rel    1
DATA16_C                               8000 - 8205             206   rel    1
DATA16_ID                              8206 - 820F               A   rel    1
TLS16_ID                                  8210                       dse    0
DIFUNCT                                8210 - 8213               4   rel    1
DATA20_ID                                 8214                       rel    1
DATA20_C                                  8214                       rel    1
CSTART                                 8214 - 8247              34   rel    1
ISR_CODE                               8248 - 8375             12E   rel    1
CODE_ID                                   8376                       rel    1
<CODE> 1                               8376 - 9555            11E0   rel    1
INTVEC                                 FFA2 - FFF9              58   com    1
RESET                                  FFFE - FFFF               2   rel    1

                ****************************************
                *                                      *
                *        END OF CROSS REFERENCE        *
                *                                      *
                ****************************************

 5 020 bytes of CODE  memory
 1 652 bytes of DATA  memory (+ 48 absolute )
   532 bytes of CONST memory

Errors: none
Warnings: none

